{
  "targets": "#minecraft_remade:tools/golden",
  "components": {
   "minecraft:max_damage": 16
  }
}